============================== Prover9 ===============================
Prover9 (64) version 2009-11A, November 2009.
Process 9534 was started by guya on CM-JRV4H50YKP,
Fri Aug 28 12:19:21 2026
The command was "/Users/guya/LADR-2009-11A//bin/prover9 -f /tmp/t.in".
============================== end of head ===========================

============================== INPUT =================================

% Reading from file /tmp/t.in

assign(max_seconds,60).

formulas(assumptions).
1 * x = x.
x * 1 = x.
x \ (x * y) = y.
x * (x \ y) = y.
(x * y) / y = x.
(x / y) * y = x.
end_of_list.

formulas(goals).
(((((((((((((((((((((((((((((((((((((((((((((((((((((((((((c * a) * a) * a) * a) * a) * a) * a) * a) * a) * a) * a) * a) * a) * a) * a) * a) * a) * a) * a) * a) * a) * a) * a) * a) * a) * a) * a) * a) * a) * a) / a) / a) / a) / a) / a) / a) / a) / a) / a) / a) / a) / a) / a) / a) / a) / a) / a) / a) / a) / a) / a) / a) / a) / a) / a) / a) / a) / a) / a) / a = c.
end_of_list.

============================== end of input ==========================

============================== PROCESS NON-CLAUSAL FORMULAS ==========

% Formulas that are not ordinary clauses:
1 (((((((((((((((((((((((((((((((((((((((((((((((((((((((((((c * a) * a) * a) * a) * a) * a) * a) * a) * a) * a) * a) * a) * a) * a) * a) * a) * a) * a) * a) * a) * a) * a) * a) * a) * a) * a) * a) * a) * a) * a) / a) / a) / a) / a) / a) / a) / a) / a) / a) / a) / a) / a) / a) / a) / a) / a) / a) / a) / a) / a) / a) / a) / a) / a) / a) / a) / a) / a) / a) / a = c # label(non_clause) # label(goal).  [goal].

============================== end of process non-clausal formulas ===

============================== PROCESS INITIAL CLAUSES ===============

% Clauses before input processing:

formulas(usable).
end_of_list.

formulas(sos).
1 * x = x.  [assumption].
x * 1 = x.  [assumption].
x \ (x * y) = y.  [assumption].
x * (x \ y) = y.  [assumption].
(x * y) / y = x.  [assumption].
(x / y) * y = x.  [assumption].
(((((((((((((((((((((((((((((((((((((((((((((((((((((((((((c * a) * a) * a) * a) * a) * a) * a) * a) * a) * a) * a) * a) * a) * a) * a) * a) * a) * a) * a) * a) * a) * a) * a) * a) * a) * a) * a) * a) * a) * a) / a) / a) / a) / a) / a) / a) / a) / a) / a) / a) / a) / a) / a) / a) / a) / a) / a) / a) / a) / a) / a) / a) / a) / a) / a) / a) / a) / a) / a) / a != c.  [deny(1)].
end_of_list.

formulas(demodulators).
end_of_list.

============================== PREDICATE ELIMINATION =================

No predicates eliminated.

============================== end predicate elimination =============

Auto_denials:  (no changes).

Term ordering decisions:
Predicate symbol precedence:  predicate_order([ = ]).
Function symbol precedence:  function_order([ 1, a, c, *, /, \ ]).
After inverse_order:  (no changes).
Unfolding symbols: (none).

Auto_inference settings:
  % set(paramodulation).  % (positive equality literals)

Auto_process settings:  (no changes).

kept:      2 1 * x = x.  [assumption].
kept:      3 x * 1 = x.  [assumption].
kept:      4 x \ (x * y) = y.  [assumption].
kept:      5 x * (x \ y) = y.  [assumption].
kept:      6 (x * y) / y = x.  [assumption].
kept:      7 (x / y) * y = x.  [assumption].
           8 (((((((((((((((((((((((((((((((((((((((((((((((((((((((((((c * a) * a) * a) * a) * a) * a) * a) * a) * a) * a) * a) * a) * a) * a) * a) * a) * a) * a) * a) * a) * a) * a) * a) * a) * a) * a) * a) * a) * a) * a) / a) / a) / a) / a) / a) / a) / a) / a) / a) / a) / a) / a) / a) / a) / a) / a) / a) / a) / a) / a) / a) / a) / a) / a) / a) / a) / a) / a) / a) / a != c.  [deny(1)].
-------- Proof 1 -------- 

============================== PROOF =================================

% Proof 1 at 0.00 (+ 0.00) seconds.
% Length of proof is 4.
% Level of proof is 2.
% Maximum clause weight is 7.000.
% Given clauses 0.

1 (((((((((((((((((((((((((((((((((((((((((((((((((((((((((((c * a) * a) * a) * a) * a) * a) * a) * a) * a) * a) * a) * a) * a) * a) * a) * a) * a) * a) * a) * a) * a) * a) * a) * a) * a) * a) * a) * a) * a) * a) / a) / a) / a) / a) / a) / a) / a) / a) / a) / a) / a) / a) / a) / a) / a) / a) / a) / a) / a) / a) / a) / a) / a) / a) / a) / a) / a) / a) / a) / a = c # label(non_clause) # label(goal).  [goal].
6 (x * y) / y = x.  [assumption].
8 (((((((((((((((((((((((((((((((((((((((((((((((((((((((((((c * a) * a) * a) * a) * a) * a) * a) * a) * a) * a) * a) * a) * a) * a) * a) * a) * a) * a) * a) * a) * a) * a) * a) * a) * a) * a) * a) * a) * a) * a) / a) / a) / a) / a) / a) / a) / a) / a) / a) / a) / a) / a) / a) / a) / a) / a) / a) / a) / a) / a) / a) / a) / a) / a) / a) / a) / a) / a) / a) / a != c.  [deny(1)].
9 $F.  [copy(8),rewrite([6(63),6(61),6(59),6(57),6(55),6(53),6(51),6(49),6(47),6(45),6(43),6(41),6(39),6(37),6(35),6(33),6(31),6(29),6(27),6(25),6(23),6(21),6(19),6(17),6(15),6(13),6(11),6(9),6(7),6(5)]),xx(a)].

============================== end of proof ==========================

============================== STATISTICS ============================

Given=0. Generated=7. Kept=6. proofs=1.
Usable=0. Sos=0. Demods=6. Limbo=6, Disabled=7. Hints=0.
Kept_by_rule=0, Deleted_by_rule=0.
Forward_subsumed=0. Back_subsumed=0.
Sos_limit_deleted=0. Sos_displaced=0. Sos_removed=0.
New_demodulators=6 (0 lex), Back_demodulated=0. Back_unit_deleted=0.
Demod_attempts=153. Demod_rewrites=30.
Res_instance_prunes=0. Para_instance_prunes=0. Basic_paramod_prunes=0.
Nonunit_fsub_feature_tests=0. Nonunit_bsub_feature_tests=0.
Megabytes=0.08.
User_CPU=0.00, System_CPU=0.00, Wall_clock=0.

============================== end of statistics =====================

============================== end of search =========================

THEOREM PROVED

THEOREM PROVED

Exiting with 1 proof.

------ process 9534 exit (max_proofs) ------

Process 9534 exit (max_proofs) Fri Aug 28 12:19:21 2026
