============================== Prover9 ===============================
Prover9 (64) version 2009-11A, November 2009.
Process 3928 was started by guya on CM-JRV4H50YKP,
Fri Aug 28 12:04:55 2026
The command was "/Users/guya/LADR-2009-11A//bin/prover9 -f /tmp/s.in".
============================== end of head ===========================

============================== INPUT =================================

% Reading from file /tmp/s.in

assign(max_seconds,30).

formulas(assumptions).
1 * x = x.
x * 1 = x.
x \ (x * y) = y.
x * (x \ y) = y.
(x * y) / y = x.
(x / y) * y = x.
end_of_list.

formulas(goals).
(x / y) \ x = y.
end_of_list.

============================== end of input ==========================

============================== PROCESS NON-CLAUSAL FORMULAS ==========

% Formulas that are not ordinary clauses:
1 (x / y) \ x = y # label(non_clause) # label(goal).  [goal].

============================== end of process non-clausal formulas ===

============================== PROCESS INITIAL CLAUSES ===============

% Clauses before input processing:

formulas(usable).
end_of_list.

formulas(sos).
1 * x = x.  [assumption].
x * 1 = x.  [assumption].
x \ (x * y) = y.  [assumption].
x * (x \ y) = y.  [assumption].
(x * y) / y = x.  [assumption].
(x / y) * y = x.  [assumption].
(c1 / c2) \ c1 != c2.  [deny(1)].
end_of_list.

formulas(demodulators).
end_of_list.

============================== PREDICATE ELIMINATION =================

No predicates eliminated.

============================== end predicate elimination =============

Auto_denials:  (no changes).

Term ordering decisions:
Predicate symbol precedence:  predicate_order([ = ]).
Function symbol precedence:  function_order([ 1, c1, c2, *, /, \ ]).
After inverse_order:  (no changes).
Unfolding symbols: (none).

Auto_inference settings:
  % set(paramodulation).  % (positive equality literals)

Auto_process settings:  (no changes).

kept:      2 1 * x = x.  [assumption].
kept:      3 x * 1 = x.  [assumption].
kept:      4 x \ (x * y) = y.  [assumption].
kept:      5 x * (x \ y) = y.  [assumption].
kept:      6 (x * y) / y = x.  [assumption].
kept:      7 (x / y) * y = x.  [assumption].
kept:      8 (c1 / c2) \ c1 != c2.  [deny(1)].

============================== end of process initial clauses ========

============================== CLAUSES FOR SEARCH ====================

% Clauses after input processing:

formulas(usable).
end_of_list.

formulas(sos).
2 1 * x = x.  [assumption].
3 x * 1 = x.  [assumption].
4 x \ (x * y) = y.  [assumption].
5 x * (x \ y) = y.  [assumption].
6 (x * y) / y = x.  [assumption].
7 (x / y) * y = x.  [assumption].
8 (c1 / c2) \ c1 != c2.  [deny(1)].
end_of_list.

formulas(demodulators).
2 1 * x = x.  [assumption].
3 x * 1 = x.  [assumption].
4 x \ (x * y) = y.  [assumption].
5 x * (x \ y) = y.  [assumption].
6 (x * y) / y = x.  [assumption].
7 (x / y) * y = x.  [assumption].
end_of_list.

============================== end of clauses for search =============

============================== SEARCH ================================

% Starting search at 0.00 seconds.

given #1 (I,wt=5): 2 1 * x = x.  [assumption].

given #2 (I,wt=5): 3 x * 1 = x.  [assumption].

given #3 (I,wt=7): 4 x \ (x * y) = y.  [assumption].

given #4 (I,wt=7): 5 x * (x \ y) = y.  [assumption].

given #5 (I,wt=7): 6 (x * y) / y = x.  [assumption].

given #6 (I,wt=7): 7 (x / y) * y = x.  [assumption].
-------- Proof 1 -------- 

============================== PROOF =================================

% Proof 1 at 0.00 (+ 0.00) seconds.
% Length of proof is 6.
% Level of proof is 2.
% Maximum clause weight is 7.000.
% Given clauses 6.

1 (x / y) \ x = y # label(non_clause) # label(goal).  [goal].
4 x \ (x * y) = y.  [assumption].
7 (x / y) * y = x.  [assumption].
8 (c1 / c2) \ c1 != c2.  [deny(1)].
14 (x / y) \ x = y.  [para(7(a,1),4(a,1,2))].
15 $F.  [resolve(14,a,8,a)].

============================== end of proof ==========================

============================== STATISTICS ============================

Given=6. Generated=23. Kept=13. proofs=1.
Usable=6. Sos=6. Demods=11. Limbo=0, Disabled=7. Hints=0.
Kept_by_rule=0, Deleted_by_rule=0.
Forward_subsumed=10. Back_subsumed=0.
Sos_limit_deleted=0. Sos_displaced=0. Sos_removed=0.
New_demodulators=11 (0 lex), Back_demodulated=0. Back_unit_deleted=0.
Demod_attempts=82. Demod_rewrites=2.
Res_instance_prunes=0. Para_instance_prunes=0. Basic_paramod_prunes=0.
Nonunit_fsub_feature_tests=0. Nonunit_bsub_feature_tests=0.
Megabytes=0.04.
User_CPU=0.00, System_CPU=0.00, Wall_clock=0.

============================== end of statistics =====================

============================== end of search =========================

THEOREM PROVED

THEOREM PROVED

Exiting with 1 proof.

------ process 3928 exit (max_proofs) ------

Process 3928 exit (max_proofs) Fri Aug 28 12:04:55 2026
